Archive member included to satisfy reference by file (symbol)

c:/siliconlabs/simplicitystudio/v4/developer/toolchains/gnu_arm/7.2_2017q4/bin/../lib/gcc/arm-none-eabi/7.2.1/../../../../arm-none-eabi/lib/thumb/v7-m\libc_nano.a(lib_a-abs.o)
                              ./Drivers/segmentlcd.o (abs)
c:/siliconlabs/simplicitystudio/v4/developer/toolchains/gnu_arm/7.2_2017q4/bin/../lib/gcc/arm-none-eabi/7.2.1/../../../../arm-none-eabi/lib/thumb/v7-m\libc_nano.a(lib_a-exit.o)
                              c:/siliconlabs/simplicitystudio/v4/developer/toolchains/gnu_arm/7.2_2017q4/bin/../lib/gcc/arm-none-eabi/7.2.1/../../../../arm-none-eabi/lib/thumb/v7-m/crt0.o (exit)
c:/siliconlabs/simplicitystudio/v4/developer/toolchains/gnu_arm/7.2_2017q4/bin/../lib/gcc/arm-none-eabi/7.2.1/../../../../arm-none-eabi/lib/thumb/v7-m\libc_nano.a(lib_a-impure.o)
                              c:/siliconlabs/simplicitystudio/v4/developer/toolchains/gnu_arm/7.2_2017q4/bin/../lib/gcc/arm-none-eabi/7.2.1/../../../../arm-none-eabi/lib/thumb/v7-m\libc_nano.a(lib_a-exit.o) (_global_impure_ptr)
c:/siliconlabs/simplicitystudio/v4/developer/toolchains/gnu_arm/7.2_2017q4/bin/../lib/gcc/arm-none-eabi/7.2.1/../../../../arm-none-eabi/lib/thumb/v7-m\libc_nano.a(lib_a-init.o)
                              c:/siliconlabs/simplicitystudio/v4/developer/toolchains/gnu_arm/7.2_2017q4/bin/../lib/gcc/arm-none-eabi/7.2.1/../../../../arm-none-eabi/lib/thumb/v7-m/crt0.o (__libc_init_array)
c:/siliconlabs/simplicitystudio/v4/developer/toolchains/gnu_arm/7.2_2017q4/bin/../lib/gcc/arm-none-eabi/7.2.1/../../../../arm-none-eabi/lib/thumb/v7-m\libc_nano.a(lib_a-memset.o)
                              c:/siliconlabs/simplicitystudio/v4/developer/toolchains/gnu_arm/7.2_2017q4/bin/../lib/gcc/arm-none-eabi/7.2.1/../../../../arm-none-eabi/lib/thumb/v7-m/crt0.o (memset)
c:/siliconlabs/simplicitystudio/v4/developer/toolchains/gnu_arm/7.2_2017q4/bin/../lib/gcc/arm-none-eabi/7.2.1/../../../../arm-none-eabi/lib/thumb/v7-m\libc_nano.a(lib_a-strlen.o)
                              ./Drivers/segmentlcd.o (strlen)
c:/siliconlabs/simplicitystudio/v4/developer/toolchains/gnu_arm/7.2_2017q4/bin/../lib/gcc/arm-none-eabi/7.2.1/../../../../arm-none-eabi/lib/thumb/v7-m\libnosys.a(_exit.o)
                              c:/siliconlabs/simplicitystudio/v4/developer/toolchains/gnu_arm/7.2_2017q4/bin/../lib/gcc/arm-none-eabi/7.2.1/../../../../arm-none-eabi/lib/thumb/v7-m\libc_nano.a(lib_a-exit.o) (_exit)

Discarded input sections

 .text          0x00000000        0x0 c:/siliconlabs/simplicitystudio/v4/developer/toolchains/gnu_arm/7.2_2017q4/bin/../lib/gcc/arm-none-eabi/7.2.1/thumb/v7-m/crti.o
 .data          0x00000000        0x0 c:/siliconlabs/simplicitystudio/v4/developer/toolchains/gnu_arm/7.2_2017q4/bin/../lib/gcc/arm-none-eabi/7.2.1/thumb/v7-m/crti.o
 .bss           0x00000000        0x0 c:/siliconlabs/simplicitystudio/v4/developer/toolchains/gnu_arm/7.2_2017q4/bin/../lib/gcc/arm-none-eabi/7.2.1/thumb/v7-m/crti.o
 .data          0x00000000        0x4 c:/siliconlabs/simplicitystudio/v4/developer/toolchains/gnu_arm/7.2_2017q4/bin/../lib/gcc/arm-none-eabi/7.2.1/thumb/v7-m/crtbegin.o
 .data          0x00000000        0x0 c:/siliconlabs/simplicitystudio/v4/developer/toolchains/gnu_arm/7.2_2017q4/bin/../lib/gcc/arm-none-eabi/7.2.1/../../../../arm-none-eabi/lib/thumb/v7-m/crt0.o
 .bss           0x00000000        0x0 c:/siliconlabs/simplicitystudio/v4/developer/toolchains/gnu_arm/7.2_2017q4/bin/../lib/gcc/arm-none-eabi/7.2.1/../../../../arm-none-eabi/lib/thumb/v7-m/crt0.o
 .ARM.extab     0x00000000        0x0 c:/siliconlabs/simplicitystudio/v4/developer/toolchains/gnu_arm/7.2_2017q4/bin/../lib/gcc/arm-none-eabi/7.2.1/../../../../arm-none-eabi/lib/thumb/v7-m/crt0.o
 .group         0x00000000        0xc ./BSP/bsp_stk_buttons.o
 .group         0x00000000        0xc ./BSP/bsp_stk_buttons.o
 .group         0x00000000        0xc ./BSP/bsp_stk_buttons.o
 .group         0x00000000        0xc ./BSP/bsp_stk_buttons.o
 .group         0x00000000        0xc ./BSP/bsp_stk_buttons.o
 .group         0x00000000        0xc ./BSP/bsp_stk_buttons.o
 .group         0x00000000        0xc ./BSP/bsp_stk_buttons.o
 .group         0x00000000        0xc ./BSP/bsp_stk_buttons.o
 .group         0x00000000        0xc ./BSP/bsp_stk_buttons.o
 .group         0x00000000        0xc ./BSP/bsp_stk_buttons.o
 .group         0x00000000        0xc ./BSP/bsp_stk_buttons.o
 .group         0x00000000        0xc ./BSP/bsp_stk_buttons.o
 .group         0x00000000        0xc ./BSP/bsp_stk_buttons.o
 .group         0x00000000        0xc ./BSP/bsp_stk_buttons.o
 .group         0x00000000        0xc ./BSP/bsp_stk_buttons.o
 .group         0x00000000        0xc ./BSP/bsp_stk_buttons.o
 .group         0x00000000        0xc ./BSP/bsp_stk_buttons.o
 .group         0x00000000        0xc ./BSP/bsp_stk_buttons.o
 .group         0x00000000        0xc ./BSP/bsp_stk_buttons.o
 .group         0x00000000        0xc ./BSP/bsp_stk_buttons.o
[...]
Memory Configuration

Name             Origin             Length             Attributes
FLASH            0x00000000         0x00100000         xr
RAM              0x20000000         0x00020000         xrw
*default*        0x00000000         0xffffffff

Linker script and memory map

LOAD c:/siliconlabs/simplicitystudio/v4/developer/toolchains/gnu_arm/7.2_2017q4/bin/../lib/gcc/arm-none-eabi/7.2.1/thumb/v7-m/crti.o
LOAD c:/siliconlabs/simplicitystudio/v4/developer/toolchains/gnu_arm/7.2_2017q4/bin/../lib/gcc/arm-none-eabi/7.2.1/thumb/v7-m/crtbegin.o
LOAD c:/siliconlabs/simplicitystudio/v4/developer/toolchains/gnu_arm/7.2_2017q4/bin/../lib/gcc/arm-none-eabi/7.2.1/../../../../arm-none-eabi/lib/thumb/v7-m/crt0.o
LOAD ./BSP/bsp_stk_buttons.o
LOAD ./BSP/bsp_stk_leds.o
LOAD ./BSP/bsp_trace.o
LOAD ./CMSIS/EFM32GG/startup_gcc_efm32gg.o
LOAD ./CMSIS/EFM32GG/system_efm32gg.o
LOAD ./Drivers/segmentlcd.o
LOAD ./Main/Main.o
LOAD ./emlib/em_acmp.o
LOAD ./emlib/em_assert.o
LOAD ./emlib/em_cmu.o
LOAD ./emlib/em_core.o
LOAD ./emlib/em_emu.o
LOAD ./emlib/em_gpio.o
LOAD ./emlib/em_lcd.o
LOAD ./emlib/em_lesense.o
LOAD ./emlib/em_pcnt.o
LOAD ./emlib/em_prs.o
LOAD ./emlib/em_rtc.o
LOAD ./emlib/em_system.o
START GROUP
LOAD c:/siliconlabs/simplicitystudio/v4/developer/toolchains/gnu_arm/7.2_2017q4/bin/../lib/gcc/arm-none-eabi/7.2.1/thumb/v7-m\libgcc.a
LOAD c:/siliconlabs/simplicitystudio/v4/developer/toolchains/gnu_arm/7.2_2017q4/bin/../lib/gcc/arm-none-eabi/7.2.1/../../../../arm-none-eabi/lib/thumb/v7-m\libc_nano.a
LOAD c:/siliconlabs/simplicitystudio/v4/developer/toolchains/gnu_arm/7.2_2017q4/bin/../lib/gcc/arm-none-eabi/7.2.1/../../../../arm-none-eabi/lib/thumb/v7-m\libnosys.a
END GROUP
START GROUP
LOAD c:/siliconlabs/simplicitystudio/v4/developer/toolchains/gnu_arm/7.2_2017q4/bin/../lib/gcc/arm-none-eabi/7.2.1/thumb/v7-m\libgcc.a
LOAD c:/siliconlabs/simplicitystudio/v4/developer/toolchains/gnu_arm/7.2_2017q4/bin/../lib/gcc/arm-none-eabi/7.2.1/../../../../arm-none-eabi/lib/thumb/v7-m\libg_nano.a
LOAD c:/siliconlabs/simplicitystudio/v4/developer/toolchains/gnu_arm/7.2_2017q4/bin/../lib/gcc/arm-none-eabi/7.2.1/../../../../arm-none-eabi/lib/thumb/v7-m\libc_nano.a
END GROUP
START GROUP
LOAD c:/siliconlabs/simplicitystudio/v4/developer/toolchains/gnu_arm/7.2_2017q4/bin/../lib/gcc/arm-none-eabi/7.2.1/thumb/v7-m\libgcc.a
LOAD c:/siliconlabs/simplicitystudio/v4/developer/toolchains/gnu_arm/7.2_2017q4/bin/../lib/gcc/arm-none-eabi/7.2.1/../../../../arm-none-eabi/lib/thumb/v7-m\libc_nano.a
END GROUP
LOAD c:/siliconlabs/simplicitystudio/v4/developer/toolchains/gnu_arm/7.2_2017q4/bin/../lib/gcc/arm-none-eabi/7.2.1/thumb/v7-m/crtend.o
LOAD c:/siliconlabs/simplicitystudio/v4/developer/toolchains/gnu_arm/7.2_2017q4/bin/../lib/gcc/arm-none-eabi/7.2.1/thumb/v7-m/crtn.o

.text           0x00000000     0x3840
 *(.vectors)
 .vectors       0x00000000       0xdc ./CMSIS/EFM32GG/startup_gcc_efm32gg.o
                0x00000000                __Vectors
                0x000000dc                __Vectors_End = .
                0x000000dc                __Vectors_Size = (__Vectors_End - __Vectors)
                0x000000dc                __end__ = .
 *(.text*)
 .text          0x000000dc       0x40 c:/siliconlabs/simplicitystudio/v4/developer/toolchains/gnu_arm/7.2_2017q4/bin/../lib/gcc/arm-none-eabi/7.2.1/thumb/v7-m/crtbegin.o
 .text          0x0000011c       0x74 c:/siliconlabs/simplicitystudio/v4/developer/toolchains/gnu_arm/7.2_2017q4/bin/../lib/gcc/arm-none-eabi/7.2.1/../../../../arm-none-eabi/lib/thumb/v7-m/crt0.o
                0x0000011c                _start
                0x0000011c                _mainCRTStartup
 .text.GPIO_PinOutClear
                0x00000190       0x58 ./BSP/bsp_stk_leds.o
 .text.GPIO_PinOutSet
                0x000001e8       0x58 ./BSP/bsp_stk_leds.o
 .text.GPIO_PinOutToggle
                0x00000240       0x58 ./BSP/bsp_stk_leds.o
 .text.BSP_LedsInit
                0x00000298       0x58 ./BSP/bsp_stk_leds.o
                0x00000298                BSP_LedsInit
 .text.BSP_LedClear
                0x000002f0       0x40 ./BSP/bsp_stk_leds.o
                0x000002f0                BSP_LedClear
 .text.BSP_LedSet
                0x00000330       0x40 ./BSP/bsp_stk_leds.o
                0x00000330                BSP_LedSet
 .text.BSP_LedToggle
                0x00000370       0x40 ./BSP/bsp_stk_leds.o
                0x00000370                BSP_LedToggle
 .text          0x000003b0       0x30 ./CMSIS/EFM32GG/startup_gcc_efm32gg.o
                0x000003b0                Reset_Handler
                0x000003dc                DebugMon_Handler
                0x000003dc                USART0_TX_IRQHandler
                0x000003dc                I2C0_IRQHandler
                0x000003dc                HardFault_Handler
                0x000003dc                LEUART1_IRQHandler
                0x000003dc                SysTick_Handler
                0x000003dc                USART1_RX_IRQHandler
                0x000003dc                PendSV_Handler
                0x000003dc                NMI_Handler
                0x000003dc                I2C1_IRQHandler
                0x000003dc                TIMER3_IRQHandler
                0x000003dc                USART1_TX_IRQHandler
                0x000003dc                MSC_IRQHandler
                0x000003dc                ADC0_IRQHandler
                0x000003dc                UsageFault_Handler
                0x000003dc                LEUART0_IRQHandler
                0x000003dc                UART0_TX_IRQHandler
                0x000003dc                UART1_TX_IRQHandler
                0x000003dc                RTC_IRQHandler
                0x000003dc                TIMER0_IRQHandler
                0x000003dc                TIMER2_IRQHandler
                0x000003dc                LCD_IRQHandler
                0x000003dc                PCNT2_IRQHandler
                0x000003dc                UART0_RX_IRQHandler
                0x000003dc                LETIMER0_IRQHandler
                0x000003dc                TIMER1_IRQHandler
                0x000003dc                USART2_RX_IRQHandler
                0x000003dc                Default_Handler
                0x000003dc                EMU_IRQHandler
                0x000003dc                PCNT0_IRQHandler
                0x000003dc                sl_app_properties
                0x000003dc                USB_IRQHandler
                0x000003dc                BURTC_IRQHandler
                0x000003dc                PCNT1_IRQHandler
                0x000003dc                ACMP0_IRQHandler
                0x000003dc                USART0_RX_IRQHandler
                0x000003dc                MemManage_Handler
                0x000003dc                SVC_Handler
                0x000003dc                DAC0_IRQHandler
                0x000003dc                UART1_RX_IRQHandler
                0x000003dc                CMU_IRQHandler
                0x000003dc                EBI_IRQHandler
                0x000003dc                LESENSE_IRQHandler
                0x000003dc                AES_IRQHandler
                0x000003dc                VCMP_IRQHandler
                0x000003dc                DMA_IRQHandler
                0x000003dc                BusFault_Handler
                0x000003dc                USART2_TX_IRQHandler
 .text.GetProdRev
                0x000003e0       0x18 ./CMSIS/EFM32GG/system_efm32gg.o
 .text.SystemCoreClockGet
                0x000003f8       0x34 ./CMSIS/EFM32GG/system_efm32gg.o
                0x000003f8                SystemCoreClockGet
 .text.SystemMaxCoreClockGet
                0x0000042c       0x14 ./CMSIS/EFM32GG/system_efm32gg.o
                0x0000042c                SystemMaxCoreClockGet
 .text.SystemHFClockGet
                0x00000440      0x100 ./CMSIS/EFM32GG/system_efm32gg.o
                0x00000440                SystemHFClockGet
 .text.SystemHFXOClockGet
                0x00000540       0x14 ./CMSIS/EFM32GG/system_efm32gg.o
                0x00000540                SystemHFXOClockGet
 .text.SystemInit
                0x00000554       0x1c ./CMSIS/EFM32GG/system_efm32gg.o
                0x00000554                SystemInit
 .text.SystemLFRCOClockGet
                0x00000570       0x10 ./CMSIS/EFM32GG/system_efm32gg.o
                0x00000570                SystemLFRCOClockGet
 .text.SystemULFRCOClockGet
                0x00000580       0x10 ./CMSIS/EFM32GG/system_efm32gg.o
                0x00000580                SystemULFRCOClockGet
 .text.SystemLFXOClockGet
                0x00000590       0x14 ./CMSIS/EFM32GG/system_efm32gg.o
                0x00000590                SystemLFXOClockGet
 .text.LCD_FreezeEnable
                0x000005a4       0x2c ./Drivers/segmentlcd.o
 .text.LCD_SyncBusyDelay
                0x000005d0       0x24 ./Drivers/segmentlcd.o
 .text.LCD_IntDisable
                0x000005f4       0x24 ./Drivers/segmentlcd.o
 .text.SegmentLCD_AllOff
                0x00000618       0xac ./Drivers/segmentlcd.o
                0x00000618                SegmentLCD_AllOff
 .text.SegmentLCD_AlphaNumberOff
                0x000006c4       0xa8 ./Drivers/segmentlcd.o
                0x000006c4                SegmentLCD_AlphaNumberOff
 .text.SegmentLCD_Init
                0x0000076c       0xb8 ./Drivers/segmentlcd.o
                0x0000076c                SegmentLCD_Init
 .text.SegmentLCD_Write
                0x00000824       0xd8 ./Drivers/segmentlcd.o
                0x00000824                SegmentLCD_Write
 .text.__NVIC_EnableIRQ
                0x000008fc       0x38 ./Main/Main.o
 .text.SystemCoreClockUpdate
                0x00000934        0xc ./Main/Main.o
 .text.GPIO_IntClear
                0x00000940       0x20 ./Main/Main.o
 .text.GPIO_IntConfig
                0x00000960       0x36 ./Main/Main.o
 *fill*         0x00000996        0x2 
 .text.SYSTEM_GetProdRev
                0x00000998       0x18 ./Main/Main.o
 .text.CHIP_Init
                0x000009b0       0x48 ./Main/Main.o
 .text.LESENSE_ScanResultGet
                0x000009f8       0x18 ./Main/Main.o
 .text.setupCMU
                0x00000a10       0x94 ./Main/Main.o
                0x00000a10                setupCMU
 .text.setupGPIO
                0x00000aa4       0x78 ./Main/Main.o
                0x00000aa4                setupGPIO
 .text.setupACMP
                0x00000b1c       0x30 ./Main/Main.o
                0x00000b1c                setupACMP
 .text.setupLESENSE
                0x00000b4c       0x3c ./Main/Main.o
                0x00000b4c                setupLESENSE
 .text.setupPRS
                0x00000b88       0x20 ./Main/Main.o
                0x00000b88                setupPRS
 .text.main     0x00000ba8       0xa8 ./Main/Main.o
                0x00000ba8                main
 .text.GPIO_ODD_IRQHandler
                0x00000c50       0x38 ./Main/Main.o
                0x00000c50                GPIO_ODD_IRQHandler
 .text.GPIO_EVEN_IRQHandler
                0x00000c88       0x1c ./Main/Main.o
                0x00000c88                GPIO_EVEN_IRQHandler
 .text.BUS_RegMaskedWrite
                0x00000ca4       0x28 ./emlib/em_acmp.o
 .text.ACMP_Disable
                0x00000ccc       0x38 ./emlib/em_acmp.o
                0x00000ccc                ACMP_Disable
 .text.ACMP_Enable
                0x00000d04       0x38 ./emlib/em_acmp.o
                0x00000d04                ACMP_Enable
 .text.ACMP_GPIOSetup
                0x00000d3c       0x50 ./emlib/em_acmp.o
                0x00000d3c                ACMP_GPIOSetup
 .text.ACMP_ChannelSet
                0x00000d8c       0x48 ./emlib/em_acmp.o
                0x00000d8c                ACMP_ChannelSet
 .text.ACMP_Init
                0x00000dd4       0xa0 ./emlib/em_acmp.o
                0x00000dd4                ACMP_Init
 .text.BUS_RegBitWrite
                0x00000e74       0x2c ./emlib/em_cmu.o
 .text.BUS_RegBitRead
                0x00000ea0       0x28 ./emlib/em_cmu.o
 .text.SL_Log2ToDiv
                0x00000ec8       0x1a ./emlib/em_cmu.o
 .text.CMU_DivToLog2
                0x00000ee2       0x30 ./emlib/em_cmu.o
 *fill*         0x00000f12        0x2 
 .text.SYSTEM_GetProdRev
                0x00000f14       0x18 ./emlib/em_cmu.o
 .text.SYSTEM_GetFamily
                0x00000f2c       0x18 ./emlib/em_cmu.o
 .text.maxFreqHfle
                0x00000f44       0x7c ./emlib/em_cmu.o
 .text.setHfLeConfig
                0x00000fc0       0x64 ./emlib/em_cmu.o
 .text.getHfLeConfig
                0x00001024       0x20 ./emlib/em_cmu.o
 .text.auxClkGet
                0x00001044       0xb0 ./emlib/em_cmu.o
 .text.dbgClkGet
                0x000010f4       0x40 ./emlib/em_cmu.o
 .text.flashWaitStateControl
                0x00001134       0x98 ./emlib/em_cmu.o
 .text.flashWaitStateMax
                0x000011cc       0x44 ./emlib/em_cmu.o
 .text.CMU_UpdateWaitStates
                0x00001210       0x40 ./emlib/em_cmu.o
                0x00001210                CMU_UpdateWaitStates
 .text.lfClkGet
                0x00001250       0xec ./emlib/em_cmu.o
 .text.syncReg  0x0000133c       0x34 ./emlib/em_cmu.o
 .text.usbCClkGet
                0x00001370       0x4c ./emlib/em_cmu.o
 .text.hfperClkSafePrescaler
                0x000013bc        0xc ./emlib/em_cmu.o
 .text.hfperClkOptimizedPrescaler
                0x000013c8        0xc ./emlib/em_cmu.o
 .text.CMU_ClockDivGet
                0x000013d4      0x1a4 ./emlib/em_cmu.o
                0x000013d4                CMU_ClockDivGet
 .text.CMU_ClockDivSet
                0x00001578      0x264 ./emlib/em_cmu.o
                0x00001578                CMU_ClockDivSet
 .text.CMU_ClockEnable
                0x000017dc       0xc8 ./emlib/em_cmu.o
                0x000017dc                CMU_ClockEnable
 .text.CMU_ClockFreqGet
                0x000018a4      0x200 ./emlib/em_cmu.o
                0x000018a4                CMU_ClockFreqGet
 .text.CMU_ClockSelectGet
                0x00001aa4      0x15c ./emlib/em_cmu.o
                0x00001aa4                CMU_ClockSelectGet
 .text.CMU_ClockSelectSet
                0x00001c00      0x298 ./emlib/em_cmu.o
                0x00001c00                CMU_ClockSelectSet
 .text.CMU_LCDClkFDIVSet
                0x00001e98       0x3c ./emlib/em_cmu.o
                0x00001e98                CMU_LCDClkFDIVSet
 .text.CMU_OscillatorEnable
                0x00001ed4       0xbc ./emlib/em_cmu.o
                0x00001ed4                CMU_OscillatorEnable
 .text.CORE_EnterAtomic
                0x00001f90       0x1e ./emlib/em_core.o
                0x00001f90                CORE_EnterAtomic
 .text.CORE_ExitAtomic
                0x00001fae       0x1a ./emlib/em_core.o
                0x00001fae                CORE_ExitAtomic
 .text.BUS_RegBitWrite
                0x00001fc8       0x2c ./emlib/em_gpio.o
 .text.BUS_RegMaskedWrite
                0x00001ff4       0x28 ./emlib/em_gpio.o
 .text.GPIO_IntClear
                0x0000201c       0x20 ./emlib/em_gpio.o
 .text.GPIO_PinOutClear
                0x0000203c       0x58 ./emlib/em_gpio.o
 .text.GPIO_PinOutSet
                0x00002094       0x58 ./emlib/em_gpio.o
 .text.GPIO_DriveModeSet
                0x000020ec       0x70 ./emlib/em_gpio.o
                0x000020ec                GPIO_DriveModeSet
 .text.GPIO_ExtIntConfig
                0x0000215c       0xd4 ./emlib/em_gpio.o
                0x0000215c                GPIO_ExtIntConfig
 .text.GPIO_PinModeSet
                0x00002230      0x118 ./emlib/em_gpio.o
                0x00002230                GPIO_PinModeSet
 .text.LCD_Enable
                0x00002348       0x38 ./emlib/em_lcd.o
 .text.BUS_RegBitWrite
                0x00002380       0x2c ./emlib/em_lcd.o
 .text.LCD_Init
                0x000023ac       0x78 ./emlib/em_lcd.o
                0x000023ac                LCD_Init
 .text.LCD_VLCDSelect
                0x00002424       0x44 ./emlib/em_lcd.o
                0x00002424                LCD_VLCDSelect
 .text.LCD_SegmentRangeEnable
                0x00002468       0x40 ./emlib/em_lcd.o
                0x00002468                LCD_SegmentRangeEnable
 .text.LCD_SegmentSet
                0x000024a8      0x1c8 ./emlib/em_lcd.o
                0x000024a8                LCD_SegmentSet
 .text.LCD_SegmentSetLow
                0x00002670      0x17c ./emlib/em_lcd.o
                0x00002670                LCD_SegmentSetLow
 .text.LCD_SegmentSetHigh
                0x000027ec      0x17c ./emlib/em_lcd.o
                0x000027ec                LCD_SegmentSetHigh
 .text.LCD_VBoostSet
                0x00002968       0x28 ./emlib/em_lcd.o
                0x00002968                LCD_VBoostSet
 .text.BUS_RegBitWrite
                0x00002990       0x2c ./emlib/em_lesense.o
 .text.LESENSE_Init
                0x000029bc      0x168 ./emlib/em_lesense.o
                0x000029bc                LESENSE_Init
 .text.LESENSE_ScanFreqSet
                0x00002b24       0xbc ./emlib/em_lesense.o
                0x00002b24                LESENSE_ScanFreqSet
 .text.LESENSE_ScanModeSet
                0x00002be0       0x40 ./emlib/em_lesense.o
                0x00002be0                LESENSE_ScanModeSet
 .text.LESENSE_StartDelaySet
                0x00002c20       0x34 ./emlib/em_lesense.o
                0x00002c20                LESENSE_StartDelaySet
 .text.LESENSE_ClkDivSet
                0x00002c54       0x60 ./emlib/em_lesense.o
                0x00002c54                LESENSE_ClkDivSet
 .text.LESENSE_ChannelAllConfig
                0x00002cb4       0x32 ./emlib/em_lesense.o
                0x00002cb4                LESENSE_ChannelAllConfig
 *fill*         0x00002ce6        0x2 
 .text.LESENSE_ChannelConfig
                0x00002ce8      0x148 ./emlib/em_lesense.o
                0x00002ce8                LESENSE_ChannelConfig
 .text.LESENSE_AltExConfig
                0x00002e30       0xf4 ./emlib/em_lesense.o
                0x00002e30                LESENSE_AltExConfig
 .text.LESENSE_ChannelTimingSet
                0x00002f24       0x48 ./emlib/em_lesense.o
                0x00002f24                LESENSE_ChannelTimingSet
 .text.LESENSE_ChannelThresSet
                0x00002f6c       0x7c ./emlib/em_lesense.o
                0x00002f6c                LESENSE_ChannelThresSet
 .text.LESENSE_DecoderStateSet
                0x00002fe8       0x20 ./emlib/em_lesense.o
                0x00002fe8                LESENSE_DecoderStateSet
 .text.LESENSE_ScanStart
                0x00003008       0x34 ./emlib/em_lesense.o
                0x00003008                LESENSE_ScanStart
 .text.LESENSE_Reset
                0x0000303c       0xf0 ./emlib/em_lesense.o
                0x0000303c                LESENSE_Reset
 .text.PRS_SourceAsyncSignalSet
                0x0000312c       0x24 ./emlib/em_prs.o
                0x0000312c                PRS_SourceAsyncSignalSet
 .text.PRS_ConnectSignal
                0x00003150       0x4c ./emlib/em_prs.o
                0x00003150                PRS_ConnectSignal
 .text.SYSTEM_ChipRevisionGet
                0x0000319c       0x78 ./emlib/em_system.o
                0x0000319c                SYSTEM_ChipRevisionGet
 .text.exit     0x00003214       0x28 c:/siliconlabs/simplicitystudio/v4/developer/toolchains/gnu_arm/7.2_2017q4/bin/../lib/gcc/arm-none-eabi/7.2.1/../../../../arm-none-eabi/lib/thumb/v7-m\libc_nano.a(lib_a-exit.o)
                0x00003214                exit
 .text.__libc_init_array
                0x0000323c       0x48 c:/siliconlabs/simplicitystudio/v4/developer/toolchains/gnu_arm/7.2_2017q4/bin/../lib/gcc/arm-none-eabi/7.2.1/../../../../arm-none-eabi/lib/thumb/v7-m\libc_nano.a(lib_a-init.o)
                0x0000323c                __libc_init_array
 .text.memset   0x00003284       0x10 c:/siliconlabs/simplicitystudio/v4/developer/toolchains/gnu_arm/7.2_2017q4/bin/../lib/gcc/arm-none-eabi/7.2.1/../../../../arm-none-eabi/lib/thumb/v7-m\libc_nano.a(lib_a-memset.o)
                0x00003284                memset
 .text          0x00003294       0x10 c:/siliconlabs/simplicitystudio/v4/developer/toolchains/gnu_arm/7.2_2017q4/bin/../lib/gcc/arm-none-eabi/7.2.1/../../../../arm-none-eabi/lib/thumb/v7-m\libc_nano.a(lib_a-strlen.o)
                0x00003294                strlen
 .text._exit    0x000032a4        0x4 c:/siliconlabs/simplicitystudio/v4/developer/toolchains/gnu_arm/7.2_2017q4/bin/../lib/gcc/arm-none-eabi/7.2.1/../../../../arm-none-eabi/lib/thumb/v7-m\libnosys.a(_exit.o)
                0x000032a4                _exit
 *(.init)
 .init          0x000032a8        0x4 c:/siliconlabs/simplicitystudio/v4/developer/toolchains/gnu_arm/7.2_2017q4/bin/../lib/gcc/arm-none-eabi/7.2.1/thumb/v7-m/crti.o
                0x000032a8                _init
 .init          0x000032ac        0x8 c:/siliconlabs/simplicitystudio/v4/developer/toolchains/gnu_arm/7.2_2017q4/bin/../lib/gcc/arm-none-eabi/7.2.1/thumb/v7-m/crtn.o
 *(.fini)
 .fini          0x000032b4        0x4 c:/siliconlabs/simplicitystudio/v4/developer/toolchains/gnu_arm/7.2_2017q4/bin/../lib/gcc/arm-none-eabi/7.2.1/thumb/v7-m/crti.o
                0x000032b4                _fini
 .fini          0x000032b8        0x8 c:/siliconlabs/simplicitystudio/v4/developer/toolchains/gnu_arm/7.2_2017q4/bin/../lib/gcc/arm-none-eabi/7.2.1/thumb/v7-m/crtn.o
 *crtbegin.o(.ctors)
 *crtbegin?.o(.ctors)
 *(EXCLUDE_FILE(*crtend.o *crtend?.o) .ctors)
 *(SORT_BY_NAME(.ctors.*))
 *(.ctors)
 *crtbegin.o(.dtors)
 *crtbegin?.o(.dtors)
 *(EXCLUDE_FILE(*crtend.o *crtend?.o) .dtors)
 *(SORT_BY_NAME(.dtors.*))
 *(.dtors)
 *(.rodata*)
 .rodata.ledArray
                0x000032c0       0x10 ./BSP/bsp_stk_leds.o
 .rodata.EFM_Display
                0x000032d0      0x1fe ./Drivers/segmentlcd.o
 *fill*         0x000034ce        0x2 
 .rodata.Segment_Alphabet
                0x000034d0       0xb8 ./Drivers/segmentlcd.o
 .rodata.lcdInit
                0x00003588       0x14 ./Drivers/segmentlcd.o
 .rodata        0x0000359c        0xf ./Main/Main.o
 *fill*         0x000035ab        0x1 
 .rodata.initACMP.6492
                0x000035ac       0x18 ./Main/Main.o
 .rodata.initLESENSE.6498
                0x000035c4       0x40 ./Main/Main.o
 .rodata.initChs.6496
                0x00003604      0x200 ./Main/Main.o
 .rodata.initAltEx.6497
                0x00003804       0x31 ./Main/Main.o
 *fill*         0x00003835        0x3 
 .rodata._global_impure_ptr
                0x00003838        0x4 c:/siliconlabs/simplicitystudio/v4/developer/toolchains/gnu_arm/7.2_2017q4/bin/../lib/gcc/arm-none-eabi/7.2.1/../../../../arm-none-eabi/lib/thumb/v7-m\libc_nano.a(lib_a-impure.o)
                0x00003838                _global_impure_ptr
 *(.eh_frame*)
 .eh_frame      0x0000383c        0x0 c:/siliconlabs/simplicitystudio/v4/developer/toolchains/gnu_arm/7.2_2017q4/bin/../lib/gcc/arm-none-eabi/7.2.1/thumb/v7-m/crtbegin.o
 .eh_frame      0x0000383c        0x4 c:/siliconlabs/simplicitystudio/v4/developer/toolchains/gnu_arm/7.2_2017q4/bin/../lib/gcc/arm-none-eabi/7.2.1/thumb/v7-m/crtend.o

.glue_7         0x00003840        0x0
 .glue_7        0x00003840        0x0 linker stubs

.glue_7t        0x00003840        0x0
 .glue_7t       0x00003840        0x0 linker stubs

.vfp11_veneer   0x00003840        0x0
 .vfp11_veneer  0x00003840        0x0 linker stubs

.v4_bx          0x00003840        0x0
 .v4_bx         0x00003840        0x0 linker stubs

.iplt           0x00003840        0x0
 .iplt          0x00003840        0x0 c:/siliconlabs/simplicitystudio/v4/developer/toolchains/gnu_arm/7.2_2017q4/bin/../lib/gcc/arm-none-eabi/7.2.1/thumb/v7-m/crtbegin.o

.ARM.extab
 *(.ARM.extab* .gnu.linkonce.armextab.*)
                0x00003840                __exidx_start = .

.ARM.exidx      0x00003840        0x8
 *(.ARM.exidx* .gnu.linkonce.armexidx.*)
 .ARM.exidx     0x00003840        0x8 c:/siliconlabs/simplicitystudio/v4/developer/toolchains/gnu_arm/7.2_2017q4/bin/../lib/gcc/arm-none-eabi/7.2.1/../../../../arm-none-eabi/lib/thumb/v7-m/crt0.o
                0x00003848                __exidx_end = .
                0x00003848                __etext = .

.rel.dyn        0x00003848        0x0
 .rel.iplt      0x00003848        0x0 c:/siliconlabs/simplicitystudio/v4/developer/toolchains/gnu_arm/7.2_2017q4/bin/../lib/gcc/arm-none-eabi/7.2.1/thumb/v7-m/crtbegin.o

.data           0x20000000       0x78 load address 0x00003848
                0x20000000                __data_start__ = .
 *(vtable)
 *(.data*)
 .data.SystemHFXOClock
                0x20000000        0x4 ./CMSIS/EFM32GG/system_efm32gg.o
 .data.SystemLFXOClock
                0x20000004        0x4 ./CMSIS/EFM32GG/system_efm32gg.o
 .data.SystemCoreClock
                0x20000008        0x4 ./CMSIS/EFM32GG/system_efm32gg.o
                0x20000008                SystemCoreClock
 .data.actual_mode
                0x2000000c        0x1 ./Main/Main.o
 *fill*         0x2000000d        0x3 
 .data.impure_data
                0x20000010       0x60 c:/siliconlabs/simplicitystudio/v4/developer/toolchains/gnu_arm/7.2_2017q4/bin/../lib/gcc/arm-none-eabi/7.2.1/../../../../arm-none-eabi/lib/thumb/v7-m\libc_nano.a(lib_a-impure.o)
                0x20000070                . = ALIGN (0x4)
                [!provide]                PROVIDE (__ram_func_section_start, .)
 *(.ram)
                [!provide]                PROVIDE (__ram_func_section_end, .)
                0x20000070                . = ALIGN (0x4)
                0x20000070                PROVIDE (__preinit_array_start, .)
 *(.preinit_array)
                0x20000070                PROVIDE (__preinit_array_end, .)
                0x20000070                . = ALIGN (0x4)
                0x20000070                PROVIDE (__init_array_start, .)
 *(SORT_BY_NAME(.init_array.*))
 *(.init_array)
 .init_array    0x20000070        0x4 c:/siliconlabs/simplicitystudio/v4/developer/toolchains/gnu_arm/7.2_2017q4/bin/../lib/gcc/arm-none-eabi/7.2.1/thumb/v7-m/crtbegin.o
                0x20000074                PROVIDE (__init_array_end, .)
                0x20000074                . = ALIGN (0x4)
                [!provide]                PROVIDE (__fini_array_start, .)
 *(SORT_BY_NAME(.fini_array.*))
 *(.fini_array)
 .fini_array    0x20000074        0x4 c:/siliconlabs/simplicitystudio/v4/developer/toolchains/gnu_arm/7.2_2017q4/bin/../lib/gcc/arm-none-eabi/7.2.1/thumb/v7-m/crtbegin.o
                [!provide]                PROVIDE (__fini_array_end, .)
 *(.jcr*)
                0x20000078                . = ALIGN (0x4)
                0x20000078                __data_end__ = .

.igot.plt       0x20000078        0x0 load address 0x000038c0
 .igot.plt      0x20000078        0x0 c:/siliconlabs/simplicitystudio/v4/developer/toolchains/gnu_arm/7.2_2017q4/bin/../lib/gcc/arm-none-eabi/7.2.1/thumb/v7-m/crtbegin.o

.bss            0x20000078       0x20 load address 0x000038c0
                0x20000078                . = ALIGN (0x4)
                0x20000078                __bss_start__ = .
 *(.bss*)
 .bss           0x20000078       0x1c c:/siliconlabs/simplicitystudio/v4/developer/toolchains/gnu_arm/7.2_2017q4/bin/../lib/gcc/arm-none-eabi/7.2.1/thumb/v7-m/crtbegin.o
 .bss.trackButton1
                0x20000094        0x1 ./Main/Main.o
 *(COMMON)
                0x20000098                . = ALIGN (0x4)
 *fill*         0x20000095        0x3 
                0x20000098                __bss_end__ = .

.heap           0x20000098      0xc00
                0x20000098                __HeapBase = .
                0x20000098                __end__ = .
                0x20000098                end = __end__
                0x20000098                _end = __end__
 *(.heap*)
 .heap          0x20000098      0xc00 ./CMSIS/EFM32GG/startup_gcc_efm32gg.o
                0x20000c98                __HeapLimit = .

.stack_dummy    0x20000098      0x400
 *(.stack*)
 .stack         0x20000098      0x400 ./CMSIS/EFM32GG/startup_gcc_efm32gg.o
                0x20020000                __StackTop = (ORIGIN (RAM) + LENGTH (RAM))
                0x2001fc00                __StackLimit = (__StackTop - SIZEOF (.stack_dummy))
                0x20020000                PROVIDE (__stack, __StackTop)
                0x00000001                ASSERT ((__StackLimit >= __HeapLimit), region RAM overflowed with stack)
                0x00000001                ASSERT ((LENGTH (FLASH) >= (__etext + SIZEOF (.data))), FLASH memory overflowed !)
OUTPUT(HW_EMbeddedSys_Bruna.axf elf32-littlearm)

.ARM.attributes
                0x00000000       0x29
 .ARM.attributes
                0x00000000       0x1d c:/siliconlabs/simplicitystudio/v4/developer/toolchains/gnu_arm/7.2_2017q4/bin/../lib/gcc/arm-none-eabi/7.2.1/thumb/v7-m/crti.o
 .ARM.attributes
                0x0000001d       0x2d c:/siliconlabs/simplicitystudio/v4/developer/toolchains/gnu_arm/7.2_2017q4/bin/../lib/gcc/arm-none-eabi/7.2.1/thumb/v7-m/crtbegin.o
 .ARM.attributes
                0x0000004a       0x1b c:/siliconlabs/simplicitystudio/v4/developer/toolchains/gnu_arm/7.2_2017q4/bin/../lib/gcc/arm-none-eabi/7.2.1/../../../../arm-none-eabi/lib/thumb/v7-m/crt0.o
 .ARM.attributes
                0x00000065       0x33 ./BSP/bsp_stk_leds.o
 .ARM.attributes
                0x00000098       0x1b ./CMSIS/EFM32GG/startup_gcc_efm32gg.o
 .ARM.attributes
                0x000000b3       0x33 ./CMSIS/EFM32GG/system_efm32gg.o
 .ARM.attributes
                0x000000e6       0x33 ./Drivers/segmentlcd.o
 .ARM.attributes
                0x00000119       0x33 ./Main/Main.o
 .ARM.attributes
                0x0000014c       0x33 ./emlib/em_acmp.o
 .ARM.attributes
                0x0000017f       0x33 ./emlib/em_cmu.o
 .ARM.attributes
                0x000001b2       0x33 ./emlib/em_core.o
 .ARM.attributes
                0x000001e5       0x33 ./emlib/em_gpio.o
 .ARM.attributes
                0x00000218       0x33 ./emlib/em_lcd.o
 .ARM.attributes
                0x0000024b       0x33 ./emlib/em_lesense.o
 .ARM.attributes
                0x0000027e       0x33 ./emlib/em_prs.o
 .ARM.attributes
                0x000002b1       0x33 ./emlib/em_system.o
 .ARM.attributes
                0x000002e4       0x2d c:/siliconlabs/simplicitystudio/v4/developer/toolchains/gnu_arm/7.2_2017q4/bin/../lib/gcc/arm-none-eabi/7.2.1/../../../../arm-none-eabi/lib/thumb/v7-m\libc_nano.a(lib_a-exit.o)
 .ARM.attributes
                0x00000311       0x2d c:/siliconlabs/simplicitystudio/v4/developer/toolchains/gnu_arm/7.2_2017q4/bin/../lib/gcc/arm-none-eabi/7.2.1/../../../../arm-none-eabi/lib/thumb/v7-m\libc_nano.a(lib_a-impure.o)
 .ARM.attributes
                0x0000033e       0x2d c:/siliconlabs/simplicitystudio/v4/developer/toolchains/gnu_arm/7.2_2017q4/bin/../lib/gcc/arm-none-eabi/7.2.1/../../../../arm-none-eabi/lib/thumb/v7-m\libc_nano.a(lib_a-init.o)
 .ARM.attributes
                0x0000036b       0x2d c:/siliconlabs/simplicitystudio/v4/developer/toolchains/gnu_arm/7.2_2017q4/bin/../lib/gcc/arm-none-eabi/7.2.1/../../../../arm-none-eabi/lib/thumb/v7-m\libc_nano.a(lib_a-memset.o)
 .ARM.attributes
                0x00000398       0x17 c:/siliconlabs/simplicitystudio/v4/developer/toolchains/gnu_arm/7.2_2017q4/bin/../lib/gcc/arm-none-eabi/7.2.1/../../../../arm-none-eabi/lib/thumb/v7-m\libc_nano.a(lib_a-strlen.o)
 .ARM.attributes
                0x000003af       0x2d c:/siliconlabs/simplicitystudio/v4/developer/toolchains/gnu_arm/7.2_2017q4/bin/../lib/gcc/arm-none-eabi/7.2.1/../../../../arm-none-eabi/lib/thumb/v7-m\libnosys.a(_exit.o)
 .ARM.attributes
                0x000003dc       0x2d c:/siliconlabs/simplicitystudio/v4/developer/toolchains/gnu_arm/7.2_2017q4/bin/../lib/gcc/arm-none-eabi/7.2.1/thumb/v7-m/crtend.o
 .ARM.attributes
                0x00000409       0x1d c:/siliconlabs/simplicitystudio/v4/developer/toolchains/gnu_arm/7.2_2017q4/bin/../lib/gcc/arm-none-eabi/7.2.1/thumb/v7-m/crtn.o

.comment        0x00000000       0x7e
 .comment       0x00000000       0x7e ./BSP/bsp_stk_leds.o
                                 0x7f (size before relaxing)
 .comment       0x0000007e       0x7f ./CMSIS/EFM32GG/system_efm32gg.o
 .comment       0x0000007e       0x7f ./Drivers/segmentlcd.o
 .comment       0x0000007e       0x7f ./Main/Main.o
 .comment       0x0000007e       0x7f ./emlib/em_acmp.o
 .comment       0x0000007e       0x7f ./emlib/em_cmu.o
 .comment       0x0000007e       0x7f ./emlib/em_core.o
 .comment       0x0000007e       0x7f ./emlib/em_gpio.o
 .comment       0x0000007e       0x7f ./emlib/em_lcd.o
 .comment       0x0000007e       0x7f ./emlib/em_lesense.o
 .comment       0x0000007e       0x7f ./emlib/em_prs.o
 .comment       0x0000007e       0x7f ./emlib/em_system.o

.debug_info     0x00000000     0xa253
 .debug_info    0x00000000      0x845 ./BSP/bsp_stk_leds.o
 .debug_info    0x00000845       0x26 ./CMSIS/EFM32GG/startup_gcc_efm32gg.o
 .debug_info    0x0000086b      0x7a7 ./CMSIS/EFM32GG/system_efm32gg.o
 .debug_info    0x00001012     0x1bfd ./Drivers/segmentlcd.o
 .debug_info    0x00002c0f     0x1c09 ./Main/Main.o
 .debug_info    0x00004818      0x6b6 ./emlib/em_acmp.o
 .debug_info    0x00004ece     0x1624 ./emlib/em_cmu.o
 .debug_info    0x000064f2      0xda0 ./emlib/em_core.o
 .debug_info    0x00007292      0x6f4 ./emlib/em_gpio.o
 .debug_info    0x00007986      0xb0e ./emlib/em_lcd.o
 .debug_info    0x00008494     0x14fd ./emlib/em_lesense.o
 .debug_info    0x00009991      0x5ec ./emlib/em_prs.o
 .debug_info    0x00009f7d      0x2d6 ./emlib/em_system.o

.debug_abbrev   0x00000000     0x1b31
 .debug_abbrev  0x00000000      0x1eb ./BSP/bsp_stk_leds.o
 .debug_abbrev  0x000001eb       0x14 ./CMSIS/EFM32GG/startup_gcc_efm32gg.o
 .debug_abbrev  0x000001ff      0x1eb ./CMSIS/EFM32GG/system_efm32gg.o
 .debug_abbrev  0x000003ea      0x2ba ./Drivers/segmentlcd.o
 .debug_abbrev  0x000006a4      0x2ca ./Main/Main.o
 .debug_abbrev  0x0000096e      0x1f1 ./emlib/em_acmp.o
 .debug_abbrev  0x00000b5f      0x307 ./emlib/em_cmu.o
 .debug_abbrev  0x00000e66      0x28f ./emlib/em_core.o
 .debug_abbrev  0x000010f5      0x21d ./emlib/em_gpio.o
 .debug_abbrev  0x00001312      0x24b ./emlib/em_lcd.o
 .debug_abbrev  0x0000155d      0x28b ./emlib/em_lesense.o
 .debug_abbrev  0x000017e8      0x1f6 ./emlib/em_prs.o
 .debug_abbrev  0x000019de      0x153 ./emlib/em_system.o

.debug_loc      0x00000000     0x3fe2
 .debug_loc     0x00000000      0x3f0 ./BSP/bsp_stk_leds.o
 .debug_loc     0x000003f0      0x31c ./CMSIS/EFM32GG/system_efm32gg.o
 .debug_loc     0x0000070c      0x66a ./Drivers/segmentlcd.o
 .debug_loc     0x00000d76      0x390 ./Main/Main.o
 .debug_loc     0x00001106      0x368 ./emlib/em_acmp.o
 .debug_loc     0x0000146e      0xe4c ./emlib/em_cmu.o
 .debug_loc     0x000022ba      0x88c ./emlib/em_core.o
 .debug_loc     0x00002b46      0x420 ./emlib/em_gpio.o
 .debug_loc     0x00002f66      0x648 ./emlib/em_lcd.o
 .debug_loc     0x000035ae      0x710 ./emlib/em_lesense.o
 .debug_loc     0x00003cbe      0x26c ./emlib/em_prs.o
 .debug_loc     0x00003f2a       0xb8 ./emlib/em_system.o

.debug_aranges  0x00000000      0x790
 .debug_aranges
                0x00000000       0x78 ./BSP/bsp_stk_leds.o
 .debug_aranges
                0x00000078       0x20 ./CMSIS/EFM32GG/startup_gcc_efm32gg.o
 .debug_aranges
                0x00000098       0x70 ./CMSIS/EFM32GG/system_efm32gg.o
 .debug_aranges
                0x00000108       0xc8 ./Drivers/segmentlcd.o
 .debug_aranges
                0x000001d0       0x90 ./Main/Main.o
 .debug_aranges
                0x00000260       0x68 ./emlib/em_acmp.o
 .debug_aranges
                0x000002c8      0x180 ./emlib/em_cmu.o
 .debug_aranges
                0x00000448       0xe8 ./emlib/em_core.o
 .debug_aranges
                0x00000530       0x78 ./emlib/em_gpio.o
 .debug_aranges
                0x000005a8       0xa8 ./emlib/em_lcd.o
 .debug_aranges
                0x00000650       0xc8 ./emlib/em_lesense.o
 .debug_aranges
                0x00000718       0x50 ./emlib/em_prs.o
 .debug_aranges
                0x00000768       0x28 ./emlib/em_system.o

.debug_ranges   0x00000000      0x6b0
 .debug_ranges  0x00000000       0x68 ./BSP/bsp_stk_leds.o
 .debug_ranges  0x00000068       0x60 ./CMSIS/EFM32GG/system_efm32gg.o
 .debug_ranges  0x000000c8       0xb8 ./Drivers/segmentlcd.o
 .debug_ranges  0x00000180       0x80 ./Main/Main.o
 .debug_ranges  0x00000200       0x58 ./emlib/em_acmp.o
 .debug_ranges  0x00000258      0x170 ./emlib/em_cmu.o
 .debug_ranges  0x000003c8       0xd8 ./emlib/em_core.o
 .debug_ranges  0x000004a0       0x68 ./emlib/em_gpio.o
 .debug_ranges  0x00000508       0x98 ./emlib/em_lcd.o
 .debug_ranges  0x000005a0       0xb8 ./emlib/em_lesense.o
 .debug_ranges  0x00000658       0x40 ./emlib/em_prs.o
 .debug_ranges  0x00000698       0x18 ./emlib/em_system.o

.debug_macro    0x00000000     0x3c09
 .debug_macro   0x00000000      0x2fd ./BSP/bsp_stk_leds.o
 .debug_macro   0x000002fd      0x28e ./CMSIS/EFM32GG/system_efm32gg.o
 .debug_macro   0x0000058b      0x432 ./Drivers/segmentlcd.o
 .debug_macro   0x000009bd       0x52 ./Drivers/segmentlcd.o
 .debug_macro   0x00000a0f       0x17 ./Drivers/segmentlcd.o
 .debug_macro   0x00000a26       0x55 ./Drivers/segmentlcd.o
 .debug_macro   0x00000a7b       0x35 ./Drivers/segmentlcd.o
 .debug_macro   0x00000ab0       0x9c ./Drivers/segmentlcd.o
 .debug_macro   0x00000b4c       0x16 ./Drivers/segmentlcd.o
 .debug_macro   0x00000b62       0x57 ./Drivers/segmentlcd.o
 .debug_macro   0x00000bb9       0x97 ./Drivers/segmentlcd.o
 .debug_macro   0x00000c50      0x353 ./Drivers/segmentlcd.o
 .debug_macro   0x00000fa3       0xf6 ./Drivers/segmentlcd.o
 .debug_macro   0x00001099       0x10 ./Drivers/segmentlcd.o
 .debug_macro   0x000010a9       0x58 ./Drivers/segmentlcd.o
 .debug_macro   0x00001101       0x1f ./Drivers/segmentlcd.o
 .debug_macro   0x00001120       0x43 ./Drivers/segmentlcd.o
 .debug_macro   0x00001163       0x20 ./Drivers/segmentlcd.o
 .debug_macro   0x00001183      0x18e ./Drivers/segmentlcd.o
 .debug_macro   0x00001311       0x10 ./Drivers/segmentlcd.o
 .debug_macro   0x00001321       0xb6 ./Drivers/segmentlcd.o
 .debug_macro   0x000013d7       0x16 ./Drivers/segmentlcd.o
 .debug_macro   0x000013ed      0x129 ./Drivers/segmentlcd.o
 .debug_macro   0x00001516       0x16 ./Drivers/segmentlcd.o
 .debug_macro   0x0000152c       0x35 ./Drivers/segmentlcd.o
 .debug_macro   0x00001561       0x16 ./Drivers/segmentlcd.o
 .debug_macro   0x00001577       0x22 ./Drivers/segmentlcd.o
 .debug_macro   0x00001599       0xbd ./Drivers/segmentlcd.o
 .debug_macro   0x00001656       0x1d ./Drivers/segmentlcd.o
 .debug_macro   0x00001673      0x117 ./Drivers/segmentlcd.o
 .debug_macro   0x0000178a       0x22 ./Drivers/segmentlcd.o
 .debug_macro   0x000017ac      0x37d ./Main/Main.o
 .debug_macro   0x00001b29       0x12 ./Main/Main.o
 .debug_macro   0x00001b3b       0xc0 ./Main/Main.o
 .debug_macro   0x00001bfb       0x63 ./Main/Main.o
 .debug_macro   0x00001c5e      0x16d ./Main/Main.o
 .debug_macro   0x00001dcb       0x2e ./Main/Main.o
 .debug_macro   0x00001df9      0x11d ./Main/Main.o
 .debug_macro   0x00001f16       0x28 ./Main/Main.o
 .debug_macro   0x00001f3e       0x16 ./Main/Main.o
 .debug_macro   0x00001f54      0x2c8 ./emlib/em_acmp.o
 .debug_macro   0x0000221c      0x367 ./emlib/em_cmu.o
 .debug_macro   0x00002583       0x58 ./emlib/em_cmu.o
 .debug_macro   0x000025db      0x34d ./emlib/em_cmu.o
 .debug_macro   0x00002928       0x25 ./emlib/em_cmu.o
 .debug_macro   0x0000294d       0xee ./emlib/em_cmu.o
 .debug_macro   0x00002a3b       0x1f ./emlib/em_cmu.o
 .debug_macro   0x00002a5a      0x2c0 ./emlib/em_core.o
 .debug_macro   0x00002d1a       0x63 ./emlib/em_core.o
 .debug_macro   0x00002d7d       0xba ./emlib/em_core.o
 .debug_macro   0x00002e37      0x2a7 ./emlib/em_gpio.o
 .debug_macro   0x000030de      0x29b ./emlib/em_lcd.o
 .debug_macro   0x00003379       0x17 ./emlib/em_lcd.o
 .debug_macro   0x00003390      0x2d0 ./emlib/em_lesense.o
 .debug_macro   0x00003660       0x5d ./emlib/em_lesense.o
 .debug_macro   0x000036bd      0x2b7 ./emlib/em_prs.o
 .debug_macro   0x00003974      0x295 ./emlib/em_system.o

.debug_line     0x00000000     0x80e2
 .debug_line    0x00000000      0xad3 ./BSP/bsp_stk_leds.o
 .debug_line    0x00000ad3       0x72 ./CMSIS/EFM32GG/startup_gcc_efm32gg.o
 .debug_line    0x00000b45      0x835 ./CMSIS/EFM32GG/system_efm32gg.o
 .debug_line    0x0000137a      0xd78 ./Drivers/segmentlcd.o
 .debug_line    0x000020f2      0xae3 ./Main/Main.o
 .debug_line    0x00002bd5      0x913 ./emlib/em_acmp.o
 .debug_line    0x000034e8     0x10ab ./emlib/em_cmu.o
 .debug_line    0x00004593      0xb2d ./emlib/em_core.o
 .debug_line    0x000050c0      0x9b7 ./emlib/em_gpio.o
 .debug_line    0x00005a77      0xa0b ./emlib/em_lcd.o
 .debug_line    0x00006482      0xbb7 ./emlib/em_lesense.o
 .debug_line    0x00007039      0x89a ./emlib/em_prs.o
 .debug_line    0x000078d3      0x80f ./emlib/em_system.o

.debug_str      0x00000000    0xe0ea1
 .debug_str     0x00000000    0xd49fd ./BSP/bsp_stk_leds.o
                              0xd504b (size before relaxing)
 .debug_str     0x000d49fd       0x36 ./CMSIS/EFM32GG/startup_gcc_efm32gg.o
                                 0x93 (size before relaxing)
 .debug_str     0x000d4a33      0x35b ./CMSIS/EFM32GG/system_efm32gg.o
                              0xd2e9f (size before relaxing)
 .debug_str     0x000d4d8e     0x6d04 ./Drivers/segmentlcd.o
                              0xdb16d (size before relaxing)
 .debug_str     0x000dba92     0x3143 ./Main/Main.o
                              0xda7c1 (size before relaxing)
 .debug_str     0x000debd5      0x21a ./emlib/em_acmp.o
                              0xd382b (size before relaxing)
 .debug_str     0x000dedef      0xe74 ./emlib/em_cmu.o
                              0xd6cdb (size before relaxing)
 .debug_str     0x000dfc63      0x372 ./emlib/em_core.o
                              0xd3ac5 (size before relaxing)
 .debug_str     0x000dffd5      0x180 ./emlib/em_gpio.o
                              0xd36d3 (size before relaxing)
 .debug_str     0x000e0155      0x35f ./emlib/em_lcd.o
                              0xd3339 (size before relaxing)
 .debug_str     0x000e04b4      0x472 ./emlib/em_lesense.o
                              0xd6122 (size before relaxing)
 .debug_str     0x000e0926      0x4fe ./emlib/em_prs.o
                              0xd3b36 (size before relaxing)
 .debug_str     0x000e0e24       0x7d ./emlib/em_system.o
                              0xd2f68 (size before relaxing)

.debug_frame    0x00000000     0x1e50
 .debug_frame   0x00000000      0x1d0 ./BSP/bsp_stk_leds.o
 .debug_frame   0x000001d0      0x180 ./CMSIS/EFM32GG/system_efm32gg.o
 .debug_frame   0x00000350      0x318 ./Drivers/segmentlcd.o
 .debug_frame   0x00000668      0x1f0 ./Main/Main.o
 .debug_frame   0x00000858      0x190 ./emlib/em_acmp.o
 .debug_frame   0x000009e8      0x690 ./emlib/em_cmu.o
 .debug_frame   0x00001078      0x3dc ./emlib/em_core.o
 .debug_frame   0x00001454      0x1e0 ./emlib/em_gpio.o
 .debug_frame   0x00001634      0x2d0 ./emlib/em_lcd.o
 .debug_frame   0x00001904      0x338 ./emlib/em_lesense.o
 .debug_frame   0x00001c3c      0x120 ./emlib/em_prs.o
 .debug_frame   0x00001d5c       0x60 ./emlib/em_system.o
 .debug_frame   0x00001dbc       0x28 c:/siliconlabs/simplicitystudio/v4/developer/toolchains/gnu_arm/7.2_2017q4/bin/../lib/gcc/arm-none-eabi/7.2.1/../../../../arm-none-eabi/lib/thumb/v7-m\libc_nano.a(lib_a-exit.o)
 .debug_frame   0x00001de4       0x2c c:/siliconlabs/simplicitystudio/v4/developer/toolchains/gnu_arm/7.2_2017q4/bin/../lib/gcc/arm-none-eabi/7.2.1/../../../../arm-none-eabi/lib/thumb/v7-m\libc_nano.a(lib_a-init.o)
 .debug_frame   0x00001e10       0x20 c:/siliconlabs/simplicitystudio/v4/developer/toolchains/gnu_arm/7.2_2017q4/bin/../lib/gcc/arm-none-eabi/7.2.1/../../../../arm-none-eabi/lib/thumb/v7-m\libc_nano.a(lib_a-memset.o)
 .debug_frame   0x00001e30       0x20 c:/siliconlabs/simplicitystudio/v4/developer/toolchains/gnu_arm/7.2_2017q4/bin/../lib/gcc/arm-none-eabi/7.2.1/../../../../arm-none-eabi/lib/thumb/v7-m\libnosys.a(_exit.o)
